stm32l4xx_it.c:77:6:NMI_Handler	4	static
stm32l4xx_it.c:92:6:HardFault_Handler	4	static
stm32l4xx_it.c:107:6:MemManage_Handler	4	static
stm32l4xx_it.c:122:6:BusFault_Handler	4	static
stm32l4xx_it.c:137:6:UsageFault_Handler	4	static
stm32l4xx_it.c:152:6:SVC_Handler	4	static
stm32l4xx_it.c:165:6:DebugMon_Handler	4	static
stm32l4xx_it.c:178:6:PendSV_Handler	4	static
stm32l4xx_it.c:191:6:SysTick_Handler	8	static
stm32l4xx_it.c:214:6:TIM1_BRK_TIM15_IRQHandler	8	static
stm32l4xx_it.c:228:6:TIM1_UP_TIM16_IRQHandler	8	static
stm32l4xx_it.c:242:6:TIM1_TRG_COM_IRQHandler	8	static
stm32l4xx_it.c:256:6:TIM1_CC_IRQHandler	24	static
stm32l4xx_it.c:289:6:USART2_IRQHandler	8	static
